// Jest Snapshot v1, https://goo.gl/fbAQLP

exports[`counter mounts 1`] = `
<DocumentFragment>
  <div>
    <button>
      increment
    </button>
    <p>
      Counter: 0
    </p>
    <button>
      decrement
    </button>
  </div>
</DocumentFragment>
`;
